3344556677 1
3456346 1
34565363 1
523654 1
653465 1
75687785 1
