3
3456346
34565363
523654
653465
75687785
3333333333
3333333334
3344556677
