3344556677
3456346
34565363
523654
653465
75687785
